<html>
<body>
<pre>
<h1>µVision Build Log</h1>
<h2>Tool Versions:</h2>
IDE-Version: µVision V5.25.2.0
Copyright (C) 2018 ARM Ltd and ARM Germany GmbH. All rights reserved.
License Information: Andrew Smit, UCCS, LIC=----
 
Tool Versions:
Toolchain:       MDK-Lite  Version: 5.25.2.0
Toolchain Path:  C:\Keil_v5\ARM\ARMCC\Bin
C Compiler:      Armcc.exe V5.06 update 6 (build 750)
Assembler:       Armasm.exe V5.06 update 6 (build 750)
Linker/Locator:  ArmLink.exe V5.06 update 6 (build 750)
Library Manager: ArmAr.exe V5.06 update 6 (build 750)
Hex Converter:   FromElf.exe V5.06 update 6 (build 750)
CPU DLL:         SARMCM3.DLL V5.25.2.0
Dialog DLL:      DARMCM1.DLL V1.19.1.0
Target DLL:      NULink\Nu_Link.dll V2.05
Dialog DLL:      TARMCM1.DLL V1.14.0.0
 
<h2>Project:</h2>
C:\Users\Andrew\Documents\School\Embedded Systems\ECE5330\lab5\lab5.uvproj
Project File Date:  10/22/2018

<h2>Output:</h2>
*** Using Compiler 'V5.06 update 6 (build 750)', folder: 'C:\Keil_v5\ARM\ARMCC\Bin'
Rebuild target 'Blink_LED_7Seg'
creating preprocessor file for core_cm0.c...
assembling startup_NUC1xx.s...
creating preprocessor file for system_NUC1xx.c...
compiling core_cm0.c...
creating preprocessor file for DrvGPIO.c...
compiling system_NUC1xx.c...
creating preprocessor file for DrvSYS.c...
creating preprocessor file for LCD_Driver.c...
compiling DrvGPIO.c...
creating preprocessor file for DrvADC.c...
compiling DrvSYS.c...
creating preprocessor file for DrvPWM.c...
compiling LCD_Driver.c...
creating preprocessor file for ScanKey.c...
compiling DrvADC.c...
creating preprocessor file for Ascii_Table.C...
compiling Ascii_Table.C...
compiling ScanKey.c...
creating preprocessor file for feedback_controller.c...
compiling DrvPWM.c...
compiling feedback_controller.c...
feedback_controller.c(48): warning:  #177-D: variable "count"  was declared but never referenced
  	int count = ADC_COUNT;
feedback_controller.c(243): warning:  #188-D: enumerated type mixed with another type
  	DrvADC_Open(ADC_SINGLE_END, ADC_CONTINUOUS_OP, 0x40, 7, 255);
feedback_controller.c(190): warning:  #177-D: variable "duty"  was declared but never referenced
  	uint32_t duty;
feedback_controller.c(192): warning:  #177-D: variable "PWMTimerIsEn"  was declared but never referenced
  	int32_t PWMTimerIsEn;
feedback_controller.c(194): warning:  #177-D: variable "display"  was declared but never referenced
  	char display[2][16];
feedback_controller.c: 5 warnings, 0 errors
linking...
.\Objects\lab5.axf: Warning: L6340W: options first and last are ignored for link type of scattered
Program Size: Code=15896 RO-data=596 RW-data=1640 ZI-data=1216  
Finished: 0 information, 1 warning and 0 error messages.
After Build - User command #1: fromelf --bin ".\Objects\lab5.axf" --output ".\Objects\lab5.bin"
After Build - User command #2: fromelf --text -c ".\Objects\lab5.axf" --output ".\Objects\lab5.txt"
".\Objects\lab5.axf" - 0 Error(s), 6 Warning(s).
Build Time Elapsed:  00:00:01
</pre>
</body>
</html>
