<html>
<body>
<pre>
<h1>µVision Build Log</h1>
<h2>Tool Versions:</h2>
IDE-Version: µVision V5.25.2.0
Copyright (C) 2018 ARM Ltd and ARM Germany GmbH. All rights reserved.
License Information: Andrew Smit, UCCS, LIC=----
 
Tool Versions:
Toolchain:       MDK-Lite  Version: 5.25.2.0
Toolchain Path:  C:\Keil_v5\ARM\ARMCC\Bin
C Compiler:      Armcc.exe V5.06 update 6 (build 750)
Assembler:       Armasm.exe V5.06 update 6 (build 750)
Linker/Locator:  ArmLink.exe V5.06 update 6 (build 750)
Library Manager: ArmAr.exe V5.06 update 6 (build 750)
Hex Converter:   FromElf.exe V5.06 update 6 (build 750)
CPU DLL:         SARMCM3.DLL V5.25.2.0
Dialog DLL:      DARMCM1.DLL V1.19.1.0
Target DLL:      NULink\Nu_Link.dll V2.05
Dialog DLL:      TARMCM1.DLL V1.14.0.0
 
<h2>Project:</h2>
C:\Users\Andrew\Documents\School\Embedded Systems\ECE5330\lab67\lab6.uvproj
Project File Date:  11/19/2018

<h2>Output:</h2>
*** Using Compiler 'V5.06 update 6 (build 750)', folder: 'C:\Keil_v5\ARM\ARMCC\Bin'
Rebuild target 'Blink_LED_7Seg'
creating preprocessor file for core_cm0.c...
assembling startup_NUC1xx.s...
creating preprocessor file for system_NUC1xx.c...
creating preprocessor file for DrvGPIO.c...
compiling core_cm0.c...
creating preprocessor file for DrvSYS.c...
compiling system_NUC1xx.c...
creating preprocessor file for LCD_Driver.c...
compiling DrvGPIO.c...
creating preprocessor file for DrvADC.c...
compiling DrvSYS.c...
creating preprocessor file for DrvPWM.c...
compiling LCD_Driver.c...
creating preprocessor file for ScanKey.c...
compiling DrvADC.c...
creating preprocessor file for DrvUART.c...
creating preprocessor file for Ascii_Table.C...
compiling ScanKey.c...
compiling Ascii_Table.C...
compiling DrvPWM.c...
creating preprocessor file for lab6_part4.c...
compiling DrvUART.c...
compiling lab6_part4.c...
lab6_part4.c(33): warning:  #167-D: argument of type "char *" is incompatible with parameter of type "uint8_t *"
  	DrvUART_Write(UART_PORT0, display[0], 30);
lab6_part4.c(190): warning:  #167-D: argument of type "char *" is incompatible with parameter of type "uint8_t *"
  	DrvUART_Write(UART_PORT0, text, 8); 
lab6_part4.c(195): warning:  #167-D: argument of type "char *" is incompatible with parameter of type "uint8_t *"
  	DrvUART_Write(UART_PORT0, text, 30); 
lab6_part4.c(160): warning:  #177-D: variable "duty"  was declared but never referenced
  	uint32_t duty;
lab6_part4.c: 4 warnings, 0 errors
linking...
.\Objects\lab67.axf: Warning: L6340W: options first and last are ignored for link type of scattered
Program Size: Code=12976 RO-data=308 RW-data=120 ZI-data=1200  
Finished: 0 information, 1 warning and 0 error messages.
After Build - User command #1: fromelf --bin ".\Objects\lab67.axf" --output ".\Objects\lab67.bin"
After Build - User command #2: fromelf --text -c ".\Objects\lab67.axf" --output ".\Objects\lab67.txt"
".\Objects\lab67.axf" - 0 Error(s), 5 Warning(s).
Build Time Elapsed:  00:00:02
</pre>
</body>
</html>
