<html>
<body>
<pre>
<h1>µVision Build Log</h1>
<h2>Tool Versions:</h2>
IDE-Version: µVision V5.25.2.0
Copyright (C) 2018 ARM Ltd and ARM Germany GmbH. All rights reserved.
License Information: Andrew Smit, UCCS, LIC=----
 
Tool Versions:
Toolchain:       MDK-Lite  Version: 5.25.2.0
Toolchain Path:  C:\Keil_v5\ARM\ARMCC\Bin
C Compiler:      Armcc.exe V5.06 update 6 (build 750)
Assembler:       Armasm.exe V5.06 update 6 (build 750)
Linker/Locator:  ArmLink.exe V5.06 update 6 (build 750)
Library Manager: ArmAr.exe V5.06 update 6 (build 750)
Hex Converter:   FromElf.exe V5.06 update 6 (build 750)
CPU DLL:         SARMCM3.DLL V5.25.2.0
Dialog DLL:      DARMCM1.DLL V1.19.1.0
Target DLL:      NULink\Nu_Link.dll V2.05
Dialog DLL:      TARMCM1.DLL V1.14.0.0
 
<h2>Project:</h2>
C:\Users\Andrew\Documents\School\Embedded Systems\ECE5330\lab3\lab3.uvproj
Project File Date:  10/01/2018

<h2>Output:</h2>
*** Using Compiler 'V5.06 update 6 (build 750)', folder: 'C:\Keil_v5\ARM\ARMCC\Bin'
Rebuild target 'Blink_LED_7Seg'
creating preprocessor file for core_cm0.c...
assembling startup_NUC1xx.s...
creating preprocessor file for system_NUC1xx.c...
compiling core_cm0.c...
creating preprocessor file for DrvGPIO.c...
compiling system_NUC1xx.c...
creating preprocessor file for DrvSYS.c...
creating preprocessor file for ScanKey.c...
compiling DrvGPIO.c...
creating preprocessor file for LCD_Driver.c...
compiling DrvSYS.c...
compiling ScanKey.c...
creating preprocessor file for optical_sensor.c...
creating preprocessor file for Ascii_Table.C...
compiling LCD_Driver.c...
compiling Ascii_Table.C...
compiling optical_sensor.c...
optical_sensor.c(101): warning:  #167-D: argument of type "void (*)()" is incompatible with parameter of type "GPIO_GPAB_CALLBACK"
  	DrvGPIO_SetIntCallback(my_GPA_callback,0);
optical_sensor.c(57): warning:  #177-D: variable "u32UserData"  was declared but never referenced
  	uint32_t u32UserData;
optical_sensor.c: 2 warnings, 0 errors
linking...
.\Objects\lab3.axf: Warning: L6340W: options first and last are ignored for link type of scattered
Program Size: Code=4184 RO-data=228 RW-data=1568 ZI-data=1120  
Finished: 0 information, 1 warning and 0 error messages.
After Build - User command #1: fromelf --bin ".\Objects\lab3.axf" --output ".\Objects\lab3.bin"
After Build - User command #2: fromelf --text -c ".\Objects\lab3.axf" --output ".\Objects\lab3.txt"
".\Objects\lab3.axf" - 0 Error(s), 3 Warning(s).
Build Time Elapsed:  00:00:01
</pre>
</body>
</html>
